[vizualize.me/eddywebs.html]
[backblue.gif]
[fade.gif]
[index.html]
[vizualize.me/vizualize.html]
[vizualize.me/media/css/qtip-custom.css]
[vizualize.me/media/css/jPicker-1.1.6.min.css]
[vizualize.me/media/css/header.css]
[vizualize.me/media/css/ext/jquery.jnotify.min.css]
[vizualize.me/media/img/sharethumb.png]
[vizualize.me/media/img/favicon.ico]
[vizualize.me/media/css/ext/jquery-ui-1.8.15.custom.css]
[vizualize.me/media/js/ext/jquery.jnotify.min.js]
[vizualize.me/media/css/ext/jquery.qtip.css]
[vizualize.me/media/js/ext/raphael-min.js]
[vizualize.me/media/js/ext/g.raphael-min.js]
[vizualize.me/media/js/ext/cp/jscolor.js]
[vizualize.me/media/js/ext/tip/jquery.qtip.min.js]
[vizualize.me/media/js/header.js]
[vizualize.me/media/js/ext/jqueryform.js]
[vizualize.me/media/js/viz/viz.js]
[vizualize.me/media/js/ext/jquery-ui-1.8.15.custom.min.js]
[vizualize.me/media/js/templates/temp1.js]
[vizualize.me/media/css/vizstyle.css]
[vizualize.me/media/js/main.js]
[vizualize.me/media/js/templates/temp5.js]
[vizualize.me/media/js/templates/temp7.js]
[vizualize.me/media/js/templates/temp6.js]
[vizualize.me/media/js/utility.js]
[vizualize.me/media/js/viz/skill.viz.js]
[vizualize.me/media/js/edit.js]
[vizualize.me/media/js/viz/interests.viz.js]
[vizualize.me/media/js/viz/recommendations.viz.js]
[vizualize.me/media/js/viz/header.viz.js]
[vizualize.me/media/js/templates/temp4.js]
[vizualize.me/media/js/viz/awards.viz.js]
[vizualize.me/media/js/templates/common/viz.raphael.js]
[vizualize.me/media/js/templates/widget/title.widget.js]
[vizualize.me/media/js/templates/widget/icon.widget.js]
[vizualize.me/media/js/templates/widget/hr.widget.js]
[vizualize.me/media/js/templates/widget/timeline.widget.js]
[vizualize.me/media/js/templates/widget/header.widget.js]
[vizualize.me/media/img/logo_v4.png]
[vizualize.me/index.html]
[vizualize.me/media/js/viz/mystat.viz.js]
[vizualize.me/terms.html]
[vizualize.me/indexdf67.html]
[vizualize.me/indexd56b.html]
[vizualize.me/aboutus.html]
[vizualize.me/eddywebs.html]
[vizualize.me/vizualize.html]
[vizualize.me/media/css/header.css]
[vizualize.me/media/img/custom_bg.gif]
[vizualize.me/index1eda.html]
[vizualize.me/media/img/custom_bg_out.png]
[vizualize.me/media/img/custom_topbg.jpg]
[vizualize.me/media/img/customize_bar_icons.png]
[vizualize.me/media/img/connect_linkedin1.png]
[vizualize.me/media/img/slider-bullet.png]
[vizualize.me/media/img/arrow-left.png]
[vizualize.me/media/img/background_upload.png]
[vizualize.me/media/img/arrow-right.png]
[vizualize.me/media/img/background_delete.png]
[vizualize.me/media/img/custom_save.png]
[vizualize.me/media/img/cancel_btn.png]
[vizualize.me/media/img/edit_edit.png]
[vizualize.me/media/img/edit_add.png]
[vizualize.me/media/img/edit_cancel.png]
[vizualize.me/media/img/edit_save.png]
[vizualize.me/media/img/edit_add_new.png]
[vizualize.me/media/img/edit_del.png]
[vizualize.me/media/img/carbon_fibre.png]
[vizualize.me/media/img/close_btn_big.png]
[vizualize.me/media/img/save_btn.png]
[vizualize.me/media/img/revert_btn.png]
[vizualize.me/media/img/font_selector_btn.png]
[vizualize.me/media/img/overlay_bg.gif]
[vizualize.me/media/css/media/img/overlay-ie6.png]
[vizualize.me/media/css/vizstyle.css]
[vizualize.me/media/css/qtip-custom.css]
[vizualize.me/media/css/jPicker-1.1.6.min.css]
[vizualize.me/media/css/ext/jquery.jnotify.min.css]
[vizualize.me/media/css/ext/jquery.qtip.css]
[vizualize.me/media/css/ext/images/ui-bg_flat_75_ffffff_40x100.png]
[vizualize.me/media/css/ext/images/ui-bg_highlight-soft_100_f6f6f6_1x100.png]
[vizualize.me/media/js/viz/language.viz.js]
[vizualize.me/media/css/ext/images/ui-bg_highlight-soft_25_0073ea_1x100.png]
[vizualize.me/media/css/ext/images/ui-bg_glass_65_ffffff_1x400.png]
[vizualize.me/media/css/ext/images/ui-bg_flat_55_ffffff_40x100.png]
[vizualize.me/media/js/utilitya49c.js]
[vizualize.me/media/css/ext/images/ui-icons_ff0084_256x240.png]
[vizualize.me/media/css/ext/images/ui-icons_0073ea_256x240.png]
[vizualize.me/media/css/ext/images/ui-icons_666666_256x240.png]
[vizualize.me/media/css/ext/images/ui-icons_ffffff_256x240.png]
[vizualize.me/media/css/ext/images/ui-icons_454545_256x240.png]
[vizualize.me/media/css/ext/images/ui-bg_flat_0_aaaaaa_40x100.png]
[vizualize.me/media/css/ext/jquery-ui-1.8.15.custom.css]
[vizualize.me/Vizualize-2.html]
[vizualize.me/media/css/ext/reset-fonts-grids.css]
[vizualize.me/media/css/bootstrap.min.css]
[vizualize.me/media/img/wlogo_v6.png]
[vizualize.me/media/img/Linkedin-icon.png]
[vizualize.me/media/img/themes3.png]
[vizualize.me/media/img/experience2.png]
[vizualize.me/media/img/skills.png]
[vizualize.me/media/img/languages.png]
[vizualize.me/media/img/export.png]
[vizualize.me/media/js/ext/jquery.min.js]
[vizualize.me/media/js/ext/jquery-1.7.min.js]
[vizualize.me/media/img/pictograms.png]
[vizualize.me/media/img/hero-image2.png]
[vizualize.me/index.html]
[vizualize.me/indexdf67.html]
[vizualize.me/indexd56b.html]
[vizualize.me/media/img/wlogo_v5.png]
[vizualize.me/terms.html]
[vizualize.me/media/img/startupweekend.png]
[vizualize.me/media/img/award_elevator.png]
[vizualize.me/media/img/mashable.png]
[vizualize.me/media/img/techcrunch_logo.png]
[vizualize.me/media/img/fastCologo.png]
[vizualize.me/media/img/forbeslogo.gif]
[vizualize.me/media/img/blogTO.gif]
[vizualize.me/media/img/pr-logo.jpg]
[vizualize.me/aboutus.html]
[vizualize.me/index1eda.html]
[vizualize.me/media/img/save_btn.html]
[vizualize.me/media/img/revert_btn.html]
[vizualize.me/media/css/media/img/overlay-ie6.html]
[vizualize.me/Vizualize-2.html]
[vizualize.me/media/css/ext/reset-fonts-grids.css]
[vizualize.me/media/fonts/glyphicons-halflings-regular.eot]
[vizualize.me/media/fonts/glyphicons-halflings-regulard41d.eot]
[vizualize.me/media/fonts/glyphicons-halflings-regular.woff]
[vizualize.me/media/fonts/glyphicons-halflings-regular.ttf]
[vizualize.me/media/fonts/glyphicons-halflings-regular.svg]
[vizualize.me/media/css/bootstrap.min.css]
[vizualize.me/media/css/lstyle.css]
[vizualize.me/media/img/view_my_viz.png]
[vizualize.me/media/css/lstyle.css]
[vizualize.me/media/js/frontpage.js]
[vizualize.me/media/js/bootstrap.js]
[vizualize.me/media/fonts/glyphicons-halflings-regular.html]
[vizualize.me/media/fonts/glyphicons-halflings-regulard41d.html]
[vizualize.me/media/fonts/glyphicons-halflings-regular-2.html]
[vizualize.me/media/fonts/glyphicons-halflings-regular-3.html]
[vizualize.me/media/fonts/glyphicons-halflings-regular-4.html]
